[livpower.in/index.html]
[backblue.gif]
[fade.gif]
[index.html]
[livpower.in/wp-content/plugins/instagram-feed/css/sbi-styles.min4d80.css]
[livpower.in/wp-includes/css/dist/block-library/style.minb134.css]
[livpower.in/wp-content/plugins/contact-form-7/includes/css/styles658f.css]
[livpower.in/wp-content/plugins/hostinger-reach/frontend/dist/blocks/subscription79a5.css]
[livpower.in/wp-content/themes/blankslate/styleb134.css]
[livpower.in/comments/feed/index.html]
[livpower.in/feed/index.html]
[livpower.in/wp-includes/js/jquery/jquery.minf43b.js]
[livpower.in/wp-includes/js/jquery/jquery-migrate.min5589.js]
[livpower.in/wp-json/wp/v2/pages/6.json]
[livpower.in/wp-json/index.html]
[livpower.in/xmlrpc0db0.php]
[livpower.in/wp-json/oembed/1.0/embed2f48.json]
[livpower.in/wp-json/oembed/1.0/embed1681]
[livpower.in/wp-content/themes/blankslate/assets/css/bootstrap.min9940.css]
[livpower.in/wp-content/themes/blankslate/assets/css/main3478.css]
[livpower.in/wp-content/themes/blankslate/assets/css/style1be3.css]
[livpower.in/wp-content/themes/blankslate/assets/css/slick-1.8.1/slick/slick.css]
[cdn.jsdelivr.net/npm/aos@2.3.4/dist/aos.css]
[cdnjs.cloudflare.com/ajax/libs/font-awesome/6.5.2/css/all.min.css]
[cdn.jsdelivr.net/npm/boxicons@2.1.2/css/boxicons.min.css]
[livpower.in/wp-content/uploads/2025/10/cropped-Liv-power-Logo.png]
[livpower.in/wp-content/themes/blankslate/assets/img/liv-power/hero-banner.png]
[livpower.in/about-us/index.html]
[livpower.in/wp-content/themes/blankslate/assets/img/liv-power/banner-video.mp4]
[livpower.in/wp-content/themes/blankslate/assets/img/liv-power/circle.png]
[livpower.in/categories/index.html]
[livpower.in/contact-us/index.html]
[livpower.in/wp-content/themes/blankslate/assets/img/liv-power/brand/b1.png]
[livpower.in/wp-content/themes/blankslate/assets/img/liv-power/brand/b2.png]
[livpower.in/wp-content/themes/blankslate/assets/img/liv-power/brand/b3.png]
[livpower.in/wp-content/themes/blankslate/assets/img/liv-power/brand/b4.png]
[livpower.in/wp-content/themes/blankslate/assets/img/liv-power/brand/b5.png]
[livpower.in/wp-content/themes/blankslate/assets/img/liv-power/brand/b6.png]
[livpower.in/wp-content/themes/blankslate/assets/img/liv-power/brand/b7.png]
[livpower.in/wp-content/themes/blankslate/assets/img/liv-power/brand/b8.png]
[livpower.in/wp-content/themes/blankslate/assets/img/liv-power/brand/b9.png]
[livpower.in/wp-content/themes/blankslate/assets/img/liv-power/brand/b10.png]
[livpower.in/wp-content/themes/blankslate/assets/img/liv-power/brand/b11.png]
[livpower.in/wp-content/themes/blankslate/assets/img/liv-power/brand/b12.png]
[livpower.in/wp-content/themes/blankslate/assets/img/liv-power/brand/b13.png]
[livpower.in/wp-content/themes/blankslate/assets/img/liv-power/brand/b15.png]
[livpower.in/wp-content/themes/blankslate/assets/img/liv-power/item1.png]
[livpower.in/wp-content/uploads/2025/10/eb752bc7849cccbe020b5589d6e703a5138dcda2-1-300x300.png]
[livpower.in/power-that-protects-reliable-efficient-and-always-stable/index.html]
[livpower.in/wp-content/uploads/2025/10/45eb58f9-aeba-4b5c-8a66-3691cba1b826-300x300.jpg]
[livpower.in/precision-power-for-every-device-reliable-smart-and-efficient/index.html]
[livpower.in/wp-content/uploads/2025/10/a2ac83dc18191951bc5c831f7accf4b3a1aa8010-1-300x300.png]
[livpower.in/wp-content/uploads/2025/10/68ed2bb24223a8098b23a2589d1802b802d5d5db-1-300x300.png]
[livpower.in/wp-content/uploads/2025/10/c4a917a7ea422ae2cec14858a54cb4fd28d5dac5-1-280x300.png]
[livpower.in/sound-that-moves-you-clear-powerful-and-immersive/index.html]
[livpower.in/wp-content/uploads/2025/10/istockphoto-1384863054-612x612-1-228x300.jpg]
[livpower.in/wp-content/uploads/2025/10/fd7a17d5235702c258d6b97e2279844c8234957e-1-300x300.png]
[livpower.in/wp-content/uploads/2025/10/WhatsApp-Image-2025-10-29-at-10.43.43-AM-1-300x300.jpg]
[livpower.in/wp-content/uploads/2025/10/WhatsApp-Image-2025-10-29-at-11.02.50-AM-300x300.jpg]
[livpower.in/picture-perfect-living-brilliant-smart-and-immersive/index.html]
[livpower.in/wp-content/uploads/2025/10/cb8bc8a62f4c3ccf4e0c24c6b1079900346e81c5-1-238x300.png]
[livpower.in/wp-content/uploads/2025/10/WhatsApp-Image-2025-10-29-at-12.56.15-PM-1-300x300.jpg]
[livpower.in/wp-content/uploads/2025/10/e8c5235b6cc55d296e316c55a6032d64a8dc77bd-1-300x300.png]
[livpower.in/warmth-that-cares-fast-safe-and-energy-efficient/index.html]
[livpower.in/wp-content/themes/blankslate/assets/img/liv-power/pro1.png]
[livpower.in/wp-content/themes/blankslate/assets/img/liv-power/young-woman-using-home-technology.png]
[livpower.in/wp-content/themes/blankslate/assets/img/liv-power/lit.jpg]
[livpower.in/wp-content/themes/blankslate/assets/img/liv-power/ro.webp]
[livpower.in/blend-it-better-powerful-versatile-and-easy-to-clean/index.html]
[livpower.in/boil-in-style-fast-safe-and-energy-smart/index.html]
[livpower.in/wp-content/themes/blankslate/assets/img/liv-power/test1.jpg]
[livpower.in/wp-content/themes/blankslate/assets/img/liv-power/test2.webp]
[livpower.in/wp-content/themes/blankslate/assets/img/liv-power/test3.webp]
[livpower.in/wp-content/themes/blankslate/assets/img/liv-power/test4.jpg]
[livpower.in/organized-power-simplified-safe-compact-and-efficient/index.html]
[livpower.in/wp-content/themes/blankslate/assets/img/liv-power/insta.svg]
[livpower.in/wp-content/themes/blankslate/assets/img/liv-power/insta1.png]
[livpower.in/wp-content/themes/blankslate/assets/img/liv-power/insta2.png]
[livpower.in/wp-content/themes/blankslate/assets/img/liv-power/insta3.png]
[livpower.in/protection-you-can-trust-smart-safe-and-reliable/index.html]
[livpower.in/wp-content/themes/blankslate/assets/img/liv-power/insta4.png]
[livpower.in/wp-content/themes/blankslate/assets/img/liv-power/bg-map1.png]
[livpower.in/power-that-performs-efficient-durable-and-easy-to-use/index.html]
[livpower.in/wp-content/themes/blankslate/assets/js/jquery.min.js]
[livpower.in/wp-content/themes/blankslate/assets/js/bootstrap.bundle.min.js]
[livpower.in/cool-comfort-every-day-silent-stylish-and-efficient/index.html]
[livpower.in/wp-content/themes/blankslate/assets/css/slick-1.8.1/slick/slick.min.js]
[livpower.in/wp-content/themes/blankslate/assets/js/main.js]
[cdn.jsdelivr.net/npm/aos@2.3.4/dist/aos.js]
[livpower.in/safety-in-every-strand-durable-reliable-and-built-to-last/index.html]
[livpower.in/blogs/index.html]
[livpower.in/wp-admin/admin-ajax.php]
[livpower.in/wp-includes/js/dist/vendor/wp-polyfill-inert.min0226.js]
[livpower.in/wp-includes/js/dist/vendor/regenerator-runtime.min6c85.js]
[livpower.in/wp-includes/js/dist/vendor/wp-polyfill.min2c7c.js]
[livpower.in/wp-includes/js/dist/hooks.min2757.js]
[livpower.in/wp-includes/js/dist/i18n.minc33c.js]
[livpower.in/wp-content/plugins/contact-form-7/includes/swv/js/index658f.js]
[livpower.in/wp-content/plugins/contact-form-7/includes/js/index658f.js]
[livpower.in/index.html]
[livpower.in/wp-content/plugins/hostinger-reach/frontend/dist/blocks/subscription-view79a5.js]
[livpower.in/wp-content/plugins/instagram-feed/img/sbi-sprite.png]
[livpower.in/wp-content/plugins/instagram-feed/css/sbi-styles.min4d80.css]
[livpower.in/wp-includes/css/dist/block-library/style.minb134.css]
[livpower.in/wp-content/plugins/contact-form-7/includes/css/styles658f.css]
[livpower.in/wp-content/plugins/hostinger-reach/frontend/dist/blocks/subscription79a5.css]
[livpower.in/wp-content/themes/blankslate/styleb134.css]
[livpower.in/wp-includes/js/jquery/jquery.minf43b.js]
[livpower.in/wp-includes/js/jquery/jquery-migrate.min5589.js]
[livpower.in/wp-content/themes/blankslate/assets/css/bootstrap.min9940.css]
[livpower.in/wp-content/themes/blankslate/assets/css/main3478.css]
[livpower.in/wp-content/themes/blankslate/assets/css/style1be3.css]
[livpower.in/wp-content/themes/blankslate/assets/css/slick-1.8.1/slick/slick.css]
[cdn.jsdelivr.net/npm/aos@2.3.4/dist/aos.css]
[cdnjs.cloudflare.com/ajax/libs/font-awesome/6.5.2/css/all.min.css]
[cdn.jsdelivr.net/npm/boxicons@2.1.2/css/boxicons.min.css]
[livpower.in/wp-json/wp/v2/pages/22.json]
[livpower.in/wp-json/oembed/1.0/embed6e4f.json]
[livpower.in/wp-json/oembed/1.0/embed28f9]
[livpower.in/wp-content/themes/blankslate/assets/img/liv-power/about-banner.png]
[livpower.in/wp-content/themes/blankslate/assets/img/liv-power/aboy-ct.png]
[livpower.in/wp-content/themes/blankslate/assets/img/liv-power/i1.svg]
[livpower.in/wp-content/themes/blankslate/assets/img/liv-power/i2.svg]
[livpower.in/wp-content/themes/blankslate/assets/img/liv-power/hc0wra.png]
[livpower.in/wp-content/themes/blankslate/assets/img/liv-power/young-woman-using-home.png]
[livpower.in/wp-content/themes/blankslate/assets/img/liv-power/delivery-truck.svg]
[livpower.in/wp-content/themes/blankslate/assets/img/liv-power/headphones.svg]
[livpower.in/wp-content/themes/blankslate/assets/img/liv-power/shopping-bag.svg]
[livpower.in/wp-content/themes/blankslate/assets/img/liv-power/pack.png]
[livpower.in/about-us/index.html]
[livpower.in/wp-json/wp/v2/pages/362.json]
[livpower.in/wp-json/oembed/1.0/embed0f7c.json]
[livpower.in/wp-json/oembed/1.0/embed2003]
[livpower.in/wp-content/themes/blankslate/assets/img/liv-power/categ-banner.png]
[livpower.in/wp-content/uploads/2025/10/WhatsApp-Image-2025-10-21-at-13.06.49-280x300.jpg]
[livpower.in/wp-content/uploads/2025/10/4d9b667477629596b43154fd39349198bed77c73-1-300x300.png]
[livpower.in/bright-power-even-in-the-dark-efficient-reliable-and-always-on/index.html]
[livpower.in/wp-content/uploads/2025/10/WhatsApp-Image-2025-10-29-at-12.55.48-PM-300x300.jpg]
[livpower.in/categories/index.html]
[livpower.in/fresh-breeze-every-moment-powerful-eco-friendly-and-refreshing/index.html]
[livpower.in/smart-air-smarter-savings-efficient-silent-and-long-lasting/index.html]
[livpower.in/wp-json/wp/v2/pages/30.json]
[livpower.in/wp-json/oembed/1.0/embed9f3a.json]
[livpower.in/wp-json/oembed/1.0/embed55f5]
[livpower.in/wp-content/themes/blankslate/assets/img/liv-power/contact-us-banner.png]
[livpower.in/contact-us/mail-to_operations@pisceser1marine.com]
[livpower.in/wp-content/themes/blankslate/assets/img/woodpecker/8.png]
[livpower.in/contact-us/index.html]
[livpower.in/wp-json/wp/v2/posts/399.json]
[livpower.in/wp-json/oembed/1.0/embed6bb5.json]
[livpower.in/power-that-protects-reliable-efficient-and-always-stable/feed/index.html]
[livpower.in/wp-json/oembed/1.0/embed956b]
[livpower.in/xmlrpc.php]
[livpower.in/wp-content/uploads/2025/10/eb752bc7849cccbe020b5589d6e703a5138dcda2-1.png]
[livpower.in/wp-content/uploads/2025/10/8ad9962e-3e50-41cc-8ea6-0a78389c1f74.jpg]
[livpower.in/wp-content/uploads/2025/10/51700c56-302c-4a29-9ec1-46d8c31a7cf7.jpg]
[livpower.in/wp-content/uploads/2025/10/f6386801-af4b-49b7-9515-55f8ede5277e.jpg]
[livpower.in/wp-content/themes/blankslate/assets/img/liv-power/liv.zip]
[livpower.in/power-that-protects-reliable-efficient-and-always-stable/index.html]
[livpower.in/wp-json/wp/v2/posts/442.json]
[livpower.in/precision-power-for-every-device-reliable-smart-and-efficient/feed/index.html]
[livpower.in/wp-json/oembed/1.0/embed0971.json]
[livpower.in/wp-json/oembed/1.0/embed22c4]
[livpower.in/wp-content/uploads/2025/10/45eb58f9-aeba-4b5c-8a66-3691cba1b826.jpg]
[livpower.in/wp-content/uploads/2025/10/0e1d2a9a-3f88-49cc-ada5-a223b59b85ff.jpg]
[livpower.in/wp-content/uploads/2025/10/54f298ae-f54d-415d-a12c-95d8ccd2bd1c.jpg]
[livpower.in/wp-content/uploads/2025/10/bd79041e-41ee-4d07-94f9-cb52d0d4938c.jpg]
[livpower.in/precision-power-for-every-device-reliable-smart-and-efficient/index.html]
[livpower.in/wp-json/wp/v2/posts/409.json]
[livpower.in/sound-that-moves-you-clear-powerful-and-immersive/feed/index.html]
[livpower.in/wp-json/oembed/1.0/embed4bf1.json]
[livpower.in/wp-json/oembed/1.0/embed8c2d]
[livpower.in/wp-content/uploads/2025/10/a2ac83dc18191951bc5c831f7accf4b3a1aa8010-1.png]
[livpower.in/wp-content/uploads/2025/10/2ed85f10-759e-4448-8499-bcb35eda5a33.jpg]
[livpower.in/wp-content/uploads/2025/10/3c80cdcc-f686-4042-ac0c-5c3c4bcb63d7.jpg]
[livpower.in/wp-content/uploads/2025/10/ce153230-08e6-4776-8404-365026423eec.jpg]
[livpower.in/sound-that-moves-you-clear-powerful-and-immersive/index.html]
[livpower.in/wp-json/wp/v2/posts/411.json]
[livpower.in/wp-json/oembed/1.0/embedfbc4.json]
[livpower.in/picture-perfect-living-brilliant-smart-and-immersive/feed/index.html]
[livpower.in/wp-json/oembed/1.0/embedb7ac]
[livpower.in/wp-content/uploads/2025/10/68ed2bb24223a8098b23a2589d1802b802d5d5db-1.png]
[livpower.in/wp-content/uploads/2025/10/frame-less-led-tv-500x500.jpg.webp]
[livpower.in/wp-content/uploads/2025/10/istockphoto-2166351568-612x612-1.jpg]
[livpower.in/wp-content/uploads/2025/10/lowepro-shoulder-bag-nova-180-aw-ii-black.png]
[livpower.in/picture-perfect-living-brilliant-smart-and-immersive/index.html]
[livpower.in/wp-json/wp/v2/posts/423.json]
[livpower.in/wp-json/oembed/1.0/embed0742.json]
[livpower.in/warmth-that-cares-fast-safe-and-energy-efficient/feed/index.html]
[livpower.in/wp-json/oembed/1.0/embed0600]
[livpower.in/wp-content/uploads/2025/10/c4a917a7ea422ae2cec14858a54cb4fd28d5dac5-1.png]
[livpower.in/wp-content/uploads/2025/10/1a37ddf1-bfdf-4260-b283-8bf9a2637a96.jpg]
[livpower.in/wp-content/uploads/2025/10/1c60fde1-5df2-41ae-8c86-1563b24e51db.jpg]
[livpower.in/wp-content/uploads/2025/10/b747403b-e658-4434-a1ae-9aea78e3d6e4.jpg]
[livpower.in/warmth-that-cares-fast-safe-and-energy-efficient/index.html]
[livpower.in/wp-json/wp/v2/posts/445.json]
[livpower.in/blend-it-better-powerful-versatile-and-easy-to-clean/feed/index.html]
[livpower.in/wp-json/oembed/1.0/embed0be0.json]
[livpower.in/wp-json/oembed/1.0/embed9832]
[livpower.in/wp-content/uploads/2025/10/istockphoto-1384863054-612x612-1.jpg]
[livpower.in/wp-content/uploads/2025/10/9873789_fpx.jpg]
[livpower.in/wp-content/uploads/2025/10/Blenders_CBT-2000P1.jpg]
[livpower.in/wp-content/uploads/2025/10/alr-primary-blenders-rkilgore-0129-04807bd0ae994d2f96aee779c20915dc.jpg]
[livpower.in/blend-it-better-powerful-versatile-and-easy-to-clean/index.html]
[livpower.in/wp-json/wp/v2/posts/430.json]
[livpower.in/boil-in-style-fast-safe-and-energy-smart/feed/index.html]
[livpower.in/wp-json/oembed/1.0/embed3d88.json]
[livpower.in/wp-json/oembed/1.0/embed5569]
[livpower.in/wp-content/uploads/2025/10/fd7a17d5235702c258d6b97e2279844c8234957e-1.png]
[livpower.in/wp-content/uploads/2025/10/IMG_8225.png]
[livpower.in/boil-in-style-fast-safe-and-energy-smart/index.html]
[livpower.in/wp-json/wp/v2/posts/439.json]
[livpower.in/wp-json/oembed/1.0/embed3fb7.json]
[livpower.in/organized-power-simplified-safe-compact-and-efficient/feed/index.html]
[livpower.in/wp-json/oembed/1.0/embed817d]
[livpower.in/wp-content/uploads/2025/10/WhatsApp-Image-2025-10-29-at-10.43.43-AM-1.jpg]
[livpower.in/wp-content/uploads/2025/10/WhatsApp-Image-2025-10-29-at-10.43.43-AM.jpg]
[livpower.in/wp-content/uploads/2025/10/WhatsApp-Image-2025-10-29-at-10.43.42-AM.jpg]
[livpower.in/organized-power-simplified-safe-compact-and-efficient/index.html]
[livpower.in/wp-json/wp/v2/posts/435.json]
[livpower.in/wp-json/oembed/1.0/embeda484.json]
[livpower.in/protection-you-can-trust-smart-safe-and-reliable/feed/index.html]
[livpower.in/wp-json/oembed/1.0/embed3fa7]
[livpower.in/wp-content/uploads/2025/10/WhatsApp-Image-2025-10-29-at-11.02.50-AM.jpg]
[livpower.in/wp-content/uploads/2025/10/WhatsApp-Image-2025-10-29-at-11.02.50-AM-1.jpg]
[livpower.in/wp-content/uploads/2025/10/WhatsApp-Image-2025-10-29-at-11.02.49-AM.jpg]
[livpower.in/protection-you-can-trust-smart-safe-and-reliable/index.html]
[livpower.in/wp-json/wp/v2/posts/421.json]
[livpower.in/power-that-performs-efficient-durable-and-easy-to-use/feed/index.html]
[livpower.in/wp-json/oembed/1.0/embed0231.json]
[livpower.in/wp-json/oembed/1.0/embed7f84]
[livpower.in/wp-content/uploads/2025/10/cb8bc8a62f4c3ccf4e0c24c6b1079900346e81c5-1.png]
[livpower.in/wp-content/uploads/2025/10/1cd798e0-cb6d-4fe1-9cd4-4dafa2200078.jpg]
[livpower.in/wp-content/uploads/2025/10/e150992e-4859-43f8-8272-630efe3f76c7.jpg]
[livpower.in/wp-content/uploads/2025/10/ef44eb35-dd78-4a62-bad7-77bd25cebc39.jpg]
[livpower.in/power-that-performs-efficient-durable-and-easy-to-use/index.html]
[livpower.in/wp-json/wp/v2/posts/419.json]
[livpower.in/wp-json/oembed/1.0/embed3090.json]
[livpower.in/cool-comfort-every-day-silent-stylish-and-efficient/feed/index.html]
[livpower.in/wp-json/oembed/1.0/embed1218]
[livpower.in/wp-content/uploads/2025/10/WhatsApp-Image-2025-10-29-at-12.56.15-PM-1.jpg]
[livpower.in/wp-content/uploads/2025/10/WhatsApp-Image-2025-10-29-at-12.56.15-PM.jpg]
[livpower.in/wp-content/uploads/2025/10/WhatsApp-Image-2025-10-29-at-3.14.33-PM.jpg]
[livpower.in/cool-comfort-every-day-silent-stylish-and-efficient/index.html]
[livpower.in/wp-json/wp/v2/posts/413.json]
[livpower.in/safety-in-every-strand-durable-reliable-and-built-to-last/feed/index.html]
[livpower.in/wp-json/oembed/1.0/embedeede.json]
[livpower.in/wp-json/oembed/1.0/embedc271]
[livpower.in/wp-content/uploads/2025/10/e8c5235b6cc55d296e316c55a6032d64a8dc77bd-1.png]
[livpower.in/wp-content/uploads/2025/10/8c34d6d5-4985-49fe-b4e4-bba0370a96bd.jpg]
[livpower.in/wp-content/uploads/2025/10/67b26c4c-1dca-46fb-9014-f3d8097579a7.jpg]
[livpower.in/wp-content/uploads/2025/10/e083dbe4-b4cf-4102-8065-c9f0740d8230.jpg]
[livpower.in/safety-in-every-strand-durable-reliable-and-built-to-last/index.html]
[livpower.in/wp-content/themes/blankslate/assets/img/liv-power/insta.svg]
[livpower.in/wp-json/wp/v2/pages/34.json]
[livpower.in/wp-json/oembed/1.0/embed13d3.json]
[livpower.in/wp-json/oembed/1.0/embed792e]
[livpower.in/wp-content/themes/blankslate/assets/img/liv-power/blog-banner.png]
[livpower.in/wp-content/uploads/2025/10/0c8f5d48d93b931f4af4f7fb87402dffea0c4819-1-300x300.png]
[livpower.in/wp-content/uploads/2025/10/a8769e07df81cac809ff8d3995e5ebb1e291b047-1-300x222.png]
[livpower.in/wp-content/uploads/2025/10/552db37e32b5bbbfb1b003fae9cac46a3cd3e0cb-300x200.png]
[livpower.in/wp-content/uploads/2025/10/b582fffcc5613cef1f1221792cffa16d153ce3b3-300x200.png]
[livpower.in/wp-content/uploads/2025/10/6e0e1639276da46aaa9596e3f9b5555672e5a8f3-300x200.png]
[livpower.in/wp-content/uploads/2025/10/a8769e07df81cac809ff8d3995e5ebb1e291b047-300x222.png]
[livpower.in/wake-up-to-perfection-reliable-toasters-smart-design-and-everyday-ease/index.html]
[livpower.in/wp-content/themes/blankslate/assets/img/placeholder.jpg]
[livpower.in/the-evolution-of-the-toaster-from-basics-to-smart-tech/index.html]
[livpower.in/wp-content/themes/blankslate/assets/img/pisces/image11.jpg]
[livpower.in/wp-content/themes/blankslate/assets/img/pisces/Container.jpg]
[livpower.in/energy-efficient-appliances-save-power-save-money/index.html]
[livpower.in/wp-content/themes/blankslate/assets/img/pisces/image12.jpg]
[livpower.in/wp-content/themes/blankslate/assets/img/pisces/place1.jpg]
[livpower.in/wp-content/themes/blankslate/assets/img/pisces/place2.jpg]
[livpower.in/wp-content/themes/blankslate/assets/img/pisces/place4.jpg]
[livpower.in/bluetooth-speakers-that-bring-the-party-home/index.html]
[livpower.in/wp-content/themes/blankslate/assets/img/pisces/place44.jpg]
[livpower.in/choosing-the-right-inverter-a-simple-buyers-guide/index.html]
[livpower.in/blogs/index.html]
[livpower.in/wp-content/themes/blankslate/assets/js/jquery.min.js]
[livpower.in/wp-content/themes/blankslate/assets/js/bootstrap.bundle.min.js]
[livpower.in/wp-content/themes/blankslate/assets/css/slick-1.8.1/slick/slick.min.js]
[livpower.in/wp-content/themes/blankslate/assets/js/main.js]
[livpower.in/wp-admin/admin-ajax.html]
[livpower.in/wp-includes/js/dist/vendor/wp-polyfill-inert.min0226.js]
[livpower.in/wp-includes/js/dist/vendor/regenerator-runtime.min6c85.js]
[livpower.in/wp-includes/js/dist/vendor/wp-polyfill.min2c7c.js]
[livpower.in/wp-includes/js/dist/hooks.min2757.js]
[livpower.in/wp-includes/js/dist/i18n.minc33c.js]
[livpower.in/hello-world/index.html]
[livpower.in/lorem-ipsum/index.html]
[livpower.in/top-5-must-have-home-appliances-for-a-smarter-kitchen/index.html]
[livpower.in/wp-content/plugins/contact-form-7/includes/swv/js/index658f.js]
[livpower.in/wp-content/plugins/contact-form-7/includes/js/index658f.js]
[livpower.in/wp-content/plugins/hostinger-reach/frontend/dist/blocks/subscription-view79a5.js]
[livpower.in/index0345.html]
[livpower.in/wp-content/themes/blankslate/assets/img/liv-power/i1.svg]
[livpower.in/wp-content/themes/blankslate/assets/img/liv-power/i2.svg]
[livpower.in/wp-content/themes/blankslate/assets/img/liv-power/delivery-truck.svg]
[livpower.in/wp-content/themes/blankslate/assets/img/liv-power/headphones.svg]
[livpower.in/wp-content/themes/blankslate/assets/img/liv-power/shopping-bag.svg]
[livpower.in/indexe4db.html]
[livpower.in/wp-json/wp/v2/posts/404.json]
[livpower.in/wp-json/oembed/1.0/embed6b0a.json]
[livpower.in/bright-power-even-in-the-dark-efficient-reliable-and-always-on/feed/index.html]
[livpower.in/wp-json/oembed/1.0/embed29d1]
[livpower.in/wp-content/uploads/2025/10/WhatsApp-Image-2025-10-21-at-13.06.49.jpg]
[livpower.in/bright-power-even-in-the-dark-efficient-reliable-and-always-on/index.html]
[livpower.in/wp-json/wp/v2/posts/433.json]
[livpower.in/fresh-breeze-every-moment-powerful-eco-friendly-and-refreshing/feed/index.html]
[livpower.in/wp-json/oembed/1.0/embed9ac3.json]
[livpower.in/wp-json/oembed/1.0/embede30c]
[livpower.in/wp-content/uploads/2025/10/4d9b667477629596b43154fd39349198bed77c73-1.png]
[livpower.in/wp-content/uploads/2025/10/PHOTO-2025-10-07-10-48-32-2.jpg]
[livpower.in/wp-content/uploads/2025/10/PHOTO-2025-10-07-10-48-32-3.jpg]
[livpower.in/wp-content/uploads/2025/10/PHOTO-2025-10-07-10-48-32.jpg]
[livpower.in/fresh-breeze-every-moment-powerful-eco-friendly-and-refreshing/index.html]
[livpower.in/wp-json/wp/v2/posts/448.json]
[livpower.in/smart-air-smarter-savings-efficient-silent-and-long-lasting/feed/index.html]
[livpower.in/wp-json/oembed/1.0/embeddb87.json]
[livpower.in/wp-json/oembed/1.0/embed13c9]
[livpower.in/wp-content/uploads/2025/10/WhatsApp-Image-2025-10-29-at-12.55.48-PM.jpg]
[livpower.in/wp-content/uploads/2025/10/WhatsApp-Image-2025-10-29-at-12.55.49-PM-1.jpg]
[livpower.in/wp-content/uploads/2025/10/WhatsApp-Image-2025-10-29-at-12.55.49-PM.jpg]
[livpower.in/smart-air-smarter-savings-efficient-silent-and-long-lasting/index.html]
[livpower.in/index5643.html]
[livpower.in/contact-us/mail-to_operations@pisceser1marine.html]
[livpower.in/wp-content/themes/blankslate/assets/img/woodpecker/8.html]
[livpower.in/index0945.html]
[livpower.in/xmlrpc.php]
[livpower.in/index6c6e.html]
[livpower.in/indexe145.html]
[livpower.in/index8eaf.html]
[livpower.in/indexb351.html]
[livpower.in/index0ecd.html]
[livpower.in/indexbdc5.html]
[livpower.in/indexfcc0.html]
[livpower.in/index6205.html]
[livpower.in/index504f.html]
[livpower.in/indexbdfa.html]
[livpower.in/index672e.html]
[livpower.in/index1e7e.html]
[livpower.in/wp-json/wp/v2/posts/425.json]
[livpower.in/wake-up-to-perfection-reliable-toasters-smart-design-and-everyday-ease/feed/index.html]
[livpower.in/wp-json/oembed/1.0/embed9a57.json]
[livpower.in/wp-json/oembed/1.0/embedbbb3]
[livpower.in/wp-content/uploads/2025/10/0c8f5d48d93b931f4af4f7fb87402dffea0c4819-1.png]
[livpower.in/wake-up-to-perfection-reliable-toasters-smart-design-and-everyday-ease/index.html]
[livpower.in/author/ayan/index.html]
[livpower.in/category/blog/index.html]
[livpower.in/author/rizwanyngmedia-com/index.html]
[livpower.in/wp-json/wp/v2/posts/379.json]
[livpower.in/the-evolution-of-the-toaster-from-basics-to-smart-tech/feed/index.html]
[livpower.in/wp-json/oembed/1.0/embed52b0.json]
[livpower.in/wp-json/oembed/1.0/embed2d23]
[livpower.in/wp-content/uploads/2025/10/a8769e07df81cac809ff8d3995e5ebb1e291b047-1.png]
[livpower.in/the-evolution-of-the-toaster-from-basics-to-smart-tech/index.html]
[livpower.in/wp-json/wp/v2/posts/376.json]
[livpower.in/wp-json/oembed/1.0/embed7694.json]
[livpower.in/energy-efficient-appliances-save-power-save-money/feed/index.html]
[livpower.in/wp-json/oembed/1.0/embedab3a]
[livpower.in/wp-content/uploads/2025/10/552db37e32b5bbbfb1b003fae9cac46a3cd3e0cb-1024x683.png]
[livpower.in/energy-efficient-appliances-save-power-save-money/index.html]
[livpower.in/wp-json/wp/v2/posts/373.json]
[livpower.in/wp-json/oembed/1.0/embed0d3a.json]
[livpower.in/bluetooth-speakers-that-bring-the-party-home/feed/index.html]
[livpower.in/wp-json/oembed/1.0/embed9ef6]
[livpower.in/wp-content/uploads/2025/10/b582fffcc5613cef1f1221792cffa16d153ce3b3-1024x683.png]
[livpower.in/bluetooth-speakers-that-bring-the-party-home/index.html]
[livpower.in/wp-json/wp/v2/posts/370.json]
[livpower.in/wp-json/oembed/1.0/embedae01.json]
[livpower.in/choosing-the-right-inverter-a-simple-buyers-guide/feed/index.html]
[livpower.in/wp-json/oembed/1.0/embed2f46]
[livpower.in/wp-content/uploads/2025/10/6e0e1639276da46aaa9596e3f9b5555672e5a8f3.png]
[livpower.in/choosing-the-right-inverter-a-simple-buyers-guide/index.html]
[livpower.in/wp-json/wp/v2/posts/367.json]
[livpower.in/wp-json/oembed/1.0/embedc879.json]
[livpower.in/top-5-must-have-home-appliances-for-a-smarter-kitchen/feed/index.html]
[livpower.in/wp-json/oembed/1.0/embed5fba]
[livpower.in/wp-content/uploads/2025/10/a8769e07df81cac809ff8d3995e5ebb1e291b047.png]
[livpower.in/top-5-must-have-home-appliances-for-a-smarter-kitchen/index.html]
[livpower.in/wp-json/wp/v2/posts/39.json]
[livpower.in/wp-json/oembed/1.0/embed87cb.json]
[livpower.in/lorem-ipsum/feed/index.html]
[livpower.in/wp-json/oembed/1.0/embed56b0]
[livpower.in/lorem-ipsum/index.html]
[livpower.in/wp-content/themes/blankslate/assets/img/placeholder.html]
[livpower.in/wp-json/wp/v2/posts/1.json]
[livpower.in/hello-world/feed/index.html]
[livpower.in/wp-json/oembed/1.0/embedcb2b.json]
[livpower.in/wp-json/oembed/1.0/embed2b08]
[livpower.in/hello-world/index.html]
[livpower.in/indexd8bc.html]
[livpower.in/index1557.html]
[livpower.in/indexc79d.html]
[livpower.in/index27ac.html]
[livpower.in/wp-json/wp/v2/categories/1.json]
[livpower.in/category/blog/feed/index.html]
[livpower.in/wp-content/uploads/2025/10/552db37e32b5bbbfb1b003fae9cac46a3cd3e0cb.png]
[livpower.in/wp-content/uploads/2025/10/b582fffcc5613cef1f1221792cffa16d153ce3b3.png]
[livpower.in/category/blog/index.html]
[livpower.in/wp-json/wp/v2/users/3.json]
[livpower.in/author/ayan/feed/index.html]
[livpower.in/author/ayan/page/2/index.html]
[livpower.in/author/ayan/index.html]
[livpower.in/wp-json/wp/v2/users/1.json]
[livpower.in/author/rizwanyngmedia-com/feed/index.html]
[livpower.in/author/rizwanyngmedia-com/index.html]
[livpower.in/index60bd.html]
[livpower.in/index264a.html]
[livpower.in/index7080.html]
[livpower.in/index12d0.html]
[livpower.in/index55d4.html]
[livpower.in/indexba52.html]
[livpower.in/indexcff1.html]
[livpower.in/author/ayan/page/2/index.html]
